// Jest Snapshot v1, https://goo.gl/fbAQLP

exports[`test/scanner.test.ts should be scan application 1`] = `
Object {
  "pluginConfig": Object {
    "default": Object {
      "mysql": Object {
        "enable": false,
        "refName": "src/mysql_plugin",
      },
      "redis": Object {
        "enable": true,
        "refName": "src/redis_plugin",
      },
      "testDuplicate": Object {
        "enable": false,
        "refName": "@artus/injection",
      },
    },
    "dev": Object {
      "testDuplicate": Object {
        "enable": true,
        "refName": "src/test_duplicate_plugin",
      },
    },
  },
  "refMap": Object {
    "@artus/injection": Object {
      "items": Array [],
      "packageVersion": undefined,
    },
    "_app": Object {
      "items": Array [
        Object {
          "extname": ".ts",
          "filename": "config.default.ts",
          "loader": "config",
          "loaderState": Object {
            "exportNames": Array [],
          },
          "path": "src/config/config.default",
          "source": "app",
          "unitName": "_app",
        },
        Object {
          "extname": ".ts",
          "filename": "config.dev.ts",
          "loader": "config",
          "loaderState": Object {
            "exportNames": Array [],
          },
          "path": "src/config/config.dev",
          "source": "app",
          "unitName": "_app",
        },
        Object {
          "extname": ".ts",
          "filename": "plugin.default.ts",
          "loader": "config",
          "loaderState": Object {
            "exportNames": Array [],
          },
          "path": "src/config/plugin.default",
          "source": "app",
          "unitName": "_app",
        },
        Object {
          "extname": ".ts",
          "filename": "plugin.dev.ts",
          "loader": "config",
          "loaderState": Object {
            "exportNames": Array [],
          },
          "path": "src/config/plugin.dev",
          "source": "app",
          "unitName": "_app",
        },
        Object {
          "extname": ".ts",
          "filename": "hello.ts",
          "loader": "module",
          "loaderState": Object {
            "exportNames": Array [
              "default",
            ],
          },
          "path": "src/controllers/hello",
          "source": "app",
          "unitName": "_app",
        },
        Object {
          "extname": ".json",
          "filename": "exception.json",
          "loader": "exception",
          "loaderState": Object {
            "exportNames": Array [],
          },
          "path": "src/exception",
          "source": "app",
          "unitName": "_app",
        },
        Object {
          "extname": ".ts",
          "filename": "default.ts",
          "loader": "exception-filter",
          "loaderState": Object {
            "exportNames": Array [
              "MockExceptionFilter",
            ],
          },
          "path": "src/filter/default",
          "source": "app",
          "unitName": "_app",
        },
        Object {
          "extname": ".ts",
          "filename": "koa_app.ts",
          "loader": "module",
          "loaderState": Object {
            "exportNames": Array [
              "default",
            ],
          },
          "path": "src/koa_app",
          "source": "app",
          "unitName": "_app",
        },
        Object {
          "extname": ".ts",
          "filename": "lifecycle.ts",
          "loader": "lifecycle-hook-unit",
          "loaderState": Object {
            "exportNames": Array [
              "default",
            ],
          },
          "path": "src/lifecycle",
          "source": "app",
          "unitName": "_app",
        },
        Object {
          "extname": ".ts",
          "filename": "hello.ts",
          "loader": "module",
          "loaderState": Object {
            "exportNames": Array [
              "default",
            ],
          },
          "path": "src/services/hello",
          "source": "app",
          "unitName": "_app",
        },
      ],
      "packageVersion": undefined,
    },
    "src/redis_plugin": Object {
      "items": Array [
        Object {
          "extname": ".ts",
          "filename": "app.ts",
          "loader": "lifecycle-hook-unit",
          "loaderState": Object {
            "exportNames": Array [
              "default",
            ],
          },
          "path": "src/redis_plugin/app",
          "source": "plugin",
          "unitName": "redis",
        },
      ],
      "packageVersion": undefined,
      "pluginMetadata": Object {
        "exclude": Array [
          "not_to_be_scanned_dir",
          "not_to_be_scanned_file.ts",
        ],
        "name": "redis",
      },
    },
    "src/test_duplicate_plugin": Object {
      "items": Array [],
      "packageVersion": undefined,
      "pluginMetadata": Object {
        "name": "testDuplicate",
      },
    },
  },
  "version": "2",
}
`;
